/Users/zachfischer/E96/T_9 - Final/IoT_8/Projects/B-U585I-IOT02A/Examples/BSP/Src/main.c:85:5:main	584	dynamic
/Users/zachfischer/E96/T_9 - Final/IoT_8/Projects/B-U585I-IOT02A/Examples/BSP/Src/main.c:230:6:plot_single_time_series	32	static
/Users/zachfischer/E96/T_9 - Final/IoT_8/Projects/B-U585I-IOT02A/Examples/BSP/Src/main.c:263:6:plot_dual_time_series	48	static
/Users/zachfischer/E96/T_9 - Final/IoT_8/Projects/B-U585I-IOT02A/Examples/BSP/Src/main.c:312:6:plot_dual_time_series_compass	48	static
/Users/zachfischer/E96/T_9 - Final/IoT_8/Projects/B-U585I-IOT02A/Examples/BSP/Src/main.c:361:6:plot_time_series_compass	32	static
/Users/zachfischer/E96/T_9 - Final/IoT_8/Projects/B-U585I-IOT02A/Examples/BSP/Src/main.c:394:6:plot_time_series_header	32	static
/Users/zachfischer/E96/T_9 - Final/IoT_8/Projects/B-U585I-IOT02A/Examples/BSP/Src/main.c:415:6:second_time_mark	16	static
/Users/zachfischer/E96/T_9 - Final/IoT_8/Projects/B-U585I-IOT02A/Examples/BSP/Src/main.c:448:6:SystemClock_Config	136	static
/Users/zachfischer/E96/T_9 - Final/IoT_8/Projects/B-U585I-IOT02A/Examples/BSP/Src/main.c:502:13:CACHE_Enable	8	static
/Users/zachfischer/E96/T_9 - Final/IoT_8/Projects/B-U585I-IOT02A/Examples/BSP/Src/main.c:516:6:Error_Handler	8	static
/Users/zachfischer/E96/T_9 - Final/IoT_8/Projects/B-U585I-IOT02A/Examples/BSP/Src/main.c:531:10:CheckResult	8	static
/Users/zachfischer/E96/T_9 - Final/IoT_8/Projects/B-U585I-IOT02A/Examples/BSP/Src/main.c:563:6:BSP_PB_Callback	16	static
