/Users/zachfischer/E96/T_9 - Final/IoT_8/Projects/B-U585I-IOT02A/Examples/BSP/Src/main.c:85:5:main	14
/Users/zachfischer/E96/T_9 - Final/IoT_8/Projects/B-U585I-IOT02A/Examples/BSP/Src/main.c:230:6:plot_single_time_series	6
/Users/zachfischer/E96/T_9 - Final/IoT_8/Projects/B-U585I-IOT02A/Examples/BSP/Src/main.c:263:6:plot_dual_time_series	11
/Users/zachfischer/E96/T_9 - Final/IoT_8/Projects/B-U585I-IOT02A/Examples/BSP/Src/main.c:312:6:plot_dual_time_series_compass	11
/Users/zachfischer/E96/T_9 - Final/IoT_8/Projects/B-U585I-IOT02A/Examples/BSP/Src/main.c:361:6:plot_time_series_compass	6
/Users/zachfischer/E96/T_9 - Final/IoT_8/Projects/B-U585I-IOT02A/Examples/BSP/Src/main.c:394:6:plot_time_series_header	3
/Users/zachfischer/E96/T_9 - Final/IoT_8/Projects/B-U585I-IOT02A/Examples/BSP/Src/main.c:415:6:second_time_mark	2
/Users/zachfischer/E96/T_9 - Final/IoT_8/Projects/B-U585I-IOT02A/Examples/BSP/Src/main.c:448:6:SystemClock_Config	3
/Users/zachfischer/E96/T_9 - Final/IoT_8/Projects/B-U585I-IOT02A/Examples/BSP/Src/main.c:502:13:CACHE_Enable	1
/Users/zachfischer/E96/T_9 - Final/IoT_8/Projects/B-U585I-IOT02A/Examples/BSP/Src/main.c:516:6:Error_Handler	1
/Users/zachfischer/E96/T_9 - Final/IoT_8/Projects/B-U585I-IOT02A/Examples/BSP/Src/main.c:531:10:CheckResult	1
/Users/zachfischer/E96/T_9 - Final/IoT_8/Projects/B-U585I-IOT02A/Examples/BSP/Src/main.c:563:6:BSP_PB_Callback	2
