../../../../../../Drivers/STM32U5xx_HAL_Driver/Inc/stm32u5xx_ll_dlyb.h:92:22:LL_DLYB_Enable	16	static
../../../../../../Drivers/STM32U5xx_HAL_Driver/Inc/stm32u5xx_ll_dlyb.h:102:22:LL_DLYB_Disable	16	static
/Users/zachfischer/E96/T_9 - Final/IoT_8/Drivers/STM32U5xx_HAL_Driver/Src/stm32u5xx_hal_ospi.c:318:19:HAL_OSPI_Init	32	static
/Users/zachfischer/E96/T_9 - Final/IoT_8/Drivers/STM32U5xx_HAL_Driver/Src/stm32u5xx_hal_ospi.c:450:13:HAL_OSPI_MspInit	16	static
/Users/zachfischer/E96/T_9 - Final/IoT_8/Drivers/STM32U5xx_HAL_Driver/Src/stm32u5xx_hal_ospi.c:465:19:HAL_OSPI_DeInit	24	static
/Users/zachfischer/E96/T_9 - Final/IoT_8/Drivers/STM32U5xx_HAL_Driver/Src/stm32u5xx_hal_ospi.c:508:13:HAL_OSPI_MspDeInit	16	static
/Users/zachfischer/E96/T_9 - Final/IoT_8/Drivers/STM32U5xx_HAL_Driver/Src/stm32u5xx_hal_ospi.c:548:6:HAL_OSPI_IRQHandler	32	static
/Users/zachfischer/E96/T_9 - Final/IoT_8/Drivers/STM32U5xx_HAL_Driver/Src/stm32u5xx_hal_ospi.c:779:19:HAL_OSPI_Command	48	static
/Users/zachfischer/E96/T_9 - Final/IoT_8/Drivers/STM32U5xx_HAL_Driver/Src/stm32u5xx_hal_ospi.c:911:19:HAL_OSPI_Command_IT	32	static
/Users/zachfischer/E96/T_9 - Final/IoT_8/Drivers/STM32U5xx_HAL_Driver/Src/stm32u5xx_hal_ospi.c:1001:19:HAL_OSPI_HyperbusCfg	48	static
/Users/zachfischer/E96/T_9 - Final/IoT_8/Drivers/STM32U5xx_HAL_Driver/Src/stm32u5xx_hal_ospi.c:1048:19:HAL_OSPI_HyperbusCmd	40	static
/Users/zachfischer/E96/T_9 - Final/IoT_8/Drivers/STM32U5xx_HAL_Driver/Src/stm32u5xx_hal_ospi.c:1110:19:HAL_OSPI_Transmit	48	static
/Users/zachfischer/E96/T_9 - Final/IoT_8/Drivers/STM32U5xx_HAL_Driver/Src/stm32u5xx_hal_ospi.c:1184:19:HAL_OSPI_Receive	56	static
/Users/zachfischer/E96/T_9 - Final/IoT_8/Drivers/STM32U5xx_HAL_Driver/Src/stm32u5xx_hal_ospi.c:1276:19:HAL_OSPI_Transmit_IT	24	static
/Users/zachfischer/E96/T_9 - Final/IoT_8/Drivers/STM32U5xx_HAL_Driver/Src/stm32u5xx_hal_ospi.c:1326:19:HAL_OSPI_Receive_IT	32	static
/Users/zachfischer/E96/T_9 - Final/IoT_8/Drivers/STM32U5xx_HAL_Driver/Src/stm32u5xx_hal_ospi.c:1399:19:HAL_OSPI_Transmit_DMA	32	static
/Users/zachfischer/E96/T_9 - Final/IoT_8/Drivers/STM32U5xx_HAL_Driver/Src/stm32u5xx_hal_ospi.c:1579:19:HAL_OSPI_Receive_DMA	40	static
/Users/zachfischer/E96/T_9 - Final/IoT_8/Drivers/STM32U5xx_HAL_Driver/Src/stm32u5xx_hal_ospi.c:1777:19:HAL_OSPI_AutoPolling	48	static
/Users/zachfischer/E96/T_9 - Final/IoT_8/Drivers/STM32U5xx_HAL_Driver/Src/stm32u5xx_hal_ospi.c:1855:19:HAL_OSPI_AutoPolling_IT	40	static
/Users/zachfischer/E96/T_9 - Final/IoT_8/Drivers/STM32U5xx_HAL_Driver/Src/stm32u5xx_hal_ospi.c:1930:19:HAL_OSPI_MemoryMapped	32	static
/Users/zachfischer/E96/T_9 - Final/IoT_8/Drivers/STM32U5xx_HAL_Driver/Src/stm32u5xx_hal_ospi.c:1983:13:HAL_OSPI_ErrorCallback	16	static
/Users/zachfischer/E96/T_9 - Final/IoT_8/Drivers/STM32U5xx_HAL_Driver/Src/stm32u5xx_hal_ospi.c:1998:13:HAL_OSPI_AbortCpltCallback	16	static
/Users/zachfischer/E96/T_9 - Final/IoT_8/Drivers/STM32U5xx_HAL_Driver/Src/stm32u5xx_hal_ospi.c:2013:13:HAL_OSPI_FifoThresholdCallback	16	static
/Users/zachfischer/E96/T_9 - Final/IoT_8/Drivers/STM32U5xx_HAL_Driver/Src/stm32u5xx_hal_ospi.c:2028:13:HAL_OSPI_CmdCpltCallback	16	static
/Users/zachfischer/E96/T_9 - Final/IoT_8/Drivers/STM32U5xx_HAL_Driver/Src/stm32u5xx_hal_ospi.c:2043:13:HAL_OSPI_RxCpltCallback	16	static
/Users/zachfischer/E96/T_9 - Final/IoT_8/Drivers/STM32U5xx_HAL_Driver/Src/stm32u5xx_hal_ospi.c:2058:13:HAL_OSPI_TxCpltCallback	16	static
/Users/zachfischer/E96/T_9 - Final/IoT_8/Drivers/STM32U5xx_HAL_Driver/Src/stm32u5xx_hal_ospi.c:2073:13:HAL_OSPI_RxHalfCpltCallback	16	static
/Users/zachfischer/E96/T_9 - Final/IoT_8/Drivers/STM32U5xx_HAL_Driver/Src/stm32u5xx_hal_ospi.c:2088:13:HAL_OSPI_TxHalfCpltCallback	16	static
/Users/zachfischer/E96/T_9 - Final/IoT_8/Drivers/STM32U5xx_HAL_Driver/Src/stm32u5xx_hal_ospi.c:2103:13:HAL_OSPI_StatusMatchCallback	16	static
/Users/zachfischer/E96/T_9 - Final/IoT_8/Drivers/STM32U5xx_HAL_Driver/Src/stm32u5xx_hal_ospi.c:2118:13:HAL_OSPI_TimeOutCallback	16	static
/Users/zachfischer/E96/T_9 - Final/IoT_8/Drivers/STM32U5xx_HAL_Driver/Src/stm32u5xx_hal_ospi.c:2369:19:HAL_OSPI_Abort	40	static
/Users/zachfischer/E96/T_9 - Final/IoT_8/Drivers/STM32U5xx_HAL_Driver/Src/stm32u5xx_hal_ospi.c:2437:19:HAL_OSPI_Abort_IT	24	static
/Users/zachfischer/E96/T_9 - Final/IoT_8/Drivers/STM32U5xx_HAL_Driver/Src/stm32u5xx_hal_ospi.c:2515:19:HAL_OSPI_SetFifoThreshold	24	static
/Users/zachfischer/E96/T_9 - Final/IoT_8/Drivers/STM32U5xx_HAL_Driver/Src/stm32u5xx_hal_ospi.c:2543:10:HAL_OSPI_GetFifoThreshold	16	static
/Users/zachfischer/E96/T_9 - Final/IoT_8/Drivers/STM32U5xx_HAL_Driver/Src/stm32u5xx_hal_ospi.c:2553:19:HAL_OSPI_SetTimeout	16	static
/Users/zachfischer/E96/T_9 - Final/IoT_8/Drivers/STM32U5xx_HAL_Driver/Src/stm32u5xx_hal_ospi.c:2564:10:HAL_OSPI_GetError	16	static
/Users/zachfischer/E96/T_9 - Final/IoT_8/Drivers/STM32U5xx_HAL_Driver/Src/stm32u5xx_hal_ospi.c:2574:10:HAL_OSPI_GetState	16	static
/Users/zachfischer/E96/T_9 - Final/IoT_8/Drivers/STM32U5xx_HAL_Driver/Src/stm32u5xx_hal_ospi.c:2606:19:HAL_OSPIM_Config	88	static
/Users/zachfischer/E96/T_9 - Final/IoT_8/Drivers/STM32U5xx_HAL_Driver/Src/stm32u5xx_hal_ospi.c:2866:13:OSPI_DMACplt	24	static
/Users/zachfischer/E96/T_9 - Final/IoT_8/Drivers/STM32U5xx_HAL_Driver/Src/stm32u5xx_hal_ospi.c:2886:13:OSPI_DMAHalfCplt	24	static
/Users/zachfischer/E96/T_9 - Final/IoT_8/Drivers/STM32U5xx_HAL_Driver/Src/stm32u5xx_hal_ospi.c:2914:13:OSPI_DMAError	24	static
/Users/zachfischer/E96/T_9 - Final/IoT_8/Drivers/STM32U5xx_HAL_Driver/Src/stm32u5xx_hal_ospi.c:2946:13:OSPI_DMAAbortCplt	24	static
/Users/zachfischer/E96/T_9 - Final/IoT_8/Drivers/STM32U5xx_HAL_Driver/Src/stm32u5xx_hal_ospi.c:3003:26:OSPI_WaitFlagStateUntilTimeout	24	static
/Users/zachfischer/E96/T_9 - Final/IoT_8/Drivers/STM32U5xx_HAL_Driver/Src/stm32u5xx_hal_ospi.c:3034:26:OSPI_ConfigCmd	40	static
/Users/zachfischer/E96/T_9 - Final/IoT_8/Drivers/STM32U5xx_HAL_Driver/Src/stm32u5xx_hal_ospi.c:3215:26:OSPIM_GetConfig	32	static
/Users/zachfischer/E96/T_9 - Final/IoT_8/Drivers/STM32U5xx_HAL_Driver/Src/stm32u5xx_hal_ospi.c:3346:19:HAL_OSPI_DLYB_SetConfig	24	static
/Users/zachfischer/E96/T_9 - Final/IoT_8/Drivers/STM32U5xx_HAL_Driver/Src/stm32u5xx_hal_ospi.c:3397:19:HAL_OSPI_DLYB_GetConfig	24	static
/Users/zachfischer/E96/T_9 - Final/IoT_8/Drivers/STM32U5xx_HAL_Driver/Src/stm32u5xx_hal_ospi.c:3426:19:HAL_OSPI_DLYB_GetClockPeriod	24	static
