/Users/zachfischer/E96/T_9 - Final/IoT_8/Drivers/BSP/Components/iis2mdc/iis2mdc_reg.c:47:9:iis2mdc_read_reg	40	static
/Users/zachfischer/E96/T_9 - Final/IoT_8/Drivers/BSP/Components/iis2mdc/iis2mdc_reg.c:66:9:iis2mdc_write_reg	40	static
/Users/zachfischer/E96/T_9 - Final/IoT_8/Drivers/BSP/Components/iis2mdc/iis2mdc_reg.c:87:9:iis2mdc_from_lsb_to_mgauss	16	static
/Users/zachfischer/E96/T_9 - Final/IoT_8/Drivers/BSP/Components/iis2mdc/iis2mdc_reg.c:92:9:iis2mdc_from_lsb_to_celsius	16	static
/Users/zachfischer/E96/T_9 - Final/IoT_8/Drivers/BSP/Components/iis2mdc/iis2mdc_reg.c:123:9:iis2mdc_mag_user_offset_set	32	static
/Users/zachfischer/E96/T_9 - Final/IoT_8/Drivers/BSP/Components/iis2mdc/iis2mdc_reg.c:150:9:iis2mdc_mag_user_offset_get	32	static
/Users/zachfischer/E96/T_9 - Final/IoT_8/Drivers/BSP/Components/iis2mdc/iis2mdc_reg.c:172:9:iis2mdc_operating_mode_set	24	static
/Users/zachfischer/E96/T_9 - Final/IoT_8/Drivers/BSP/Components/iis2mdc/iis2mdc_reg.c:195:9:iis2mdc_operating_mode_get	24	static
/Users/zachfischer/E96/T_9 - Final/IoT_8/Drivers/BSP/Components/iis2mdc/iis2mdc_reg.c:231:9:iis2mdc_data_rate_set	24	static
/Users/zachfischer/E96/T_9 - Final/IoT_8/Drivers/BSP/Components/iis2mdc/iis2mdc_reg.c:253:9:iis2mdc_data_rate_get	24	static
/Users/zachfischer/E96/T_9 - Final/IoT_8/Drivers/BSP/Components/iis2mdc/iis2mdc_reg.c:292:9:iis2mdc_power_mode_set	24	static
/Users/zachfischer/E96/T_9 - Final/IoT_8/Drivers/BSP/Components/iis2mdc/iis2mdc_reg.c:314:9:iis2mdc_power_mode_get	24	static
/Users/zachfischer/E96/T_9 - Final/IoT_8/Drivers/BSP/Components/iis2mdc/iis2mdc_reg.c:345:9:iis2mdc_offset_temp_comp_set	24	static
/Users/zachfischer/E96/T_9 - Final/IoT_8/Drivers/BSP/Components/iis2mdc/iis2mdc_reg.c:367:9:iis2mdc_offset_temp_comp_get	24	static
/Users/zachfischer/E96/T_9 - Final/IoT_8/Drivers/BSP/Components/iis2mdc/iis2mdc_reg.c:384:9:iis2mdc_low_pass_bandwidth_set	24	static
/Users/zachfischer/E96/T_9 - Final/IoT_8/Drivers/BSP/Components/iis2mdc/iis2mdc_reg.c:407:9:iis2mdc_low_pass_bandwidth_get	24	static
/Users/zachfischer/E96/T_9 - Final/IoT_8/Drivers/BSP/Components/iis2mdc/iis2mdc_reg.c:440:9:iis2mdc_set_rst_mode_set	24	static
/Users/zachfischer/E96/T_9 - Final/IoT_8/Drivers/BSP/Components/iis2mdc/iis2mdc_reg.c:463:9:iis2mdc_set_rst_mode_get	24	static
/Users/zachfischer/E96/T_9 - Final/IoT_8/Drivers/BSP/Components/iis2mdc/iis2mdc_reg.c:504:9:iis2mdc_set_rst_sensor_single_set	24	static
/Users/zachfischer/E96/T_9 - Final/IoT_8/Drivers/BSP/Components/iis2mdc/iis2mdc_reg.c:531:9:iis2mdc_set_rst_sensor_single_get	24	static
/Users/zachfischer/E96/T_9 - Final/IoT_8/Drivers/BSP/Components/iis2mdc/iis2mdc_reg.c:549:9:iis2mdc_block_data_update_set	24	static
/Users/zachfischer/E96/T_9 - Final/IoT_8/Drivers/BSP/Components/iis2mdc/iis2mdc_reg.c:571:9:iis2mdc_block_data_update_get	24	static
/Users/zachfischer/E96/T_9 - Final/IoT_8/Drivers/BSP/Components/iis2mdc/iis2mdc_reg.c:588:9:iis2mdc_mag_data_ready_get	24	static
/Users/zachfischer/E96/T_9 - Final/IoT_8/Drivers/BSP/Components/iis2mdc/iis2mdc_reg.c:605:9:iis2mdc_mag_data_ovr_get	24	static
/Users/zachfischer/E96/T_9 - Final/IoT_8/Drivers/BSP/Components/iis2mdc/iis2mdc_reg.c:622:9:iis2mdc_magnetic_raw_get	32	static
/Users/zachfischer/E96/T_9 - Final/IoT_8/Drivers/BSP/Components/iis2mdc/iis2mdc_reg.c:644:9:iis2mdc_temperature_raw_get	24	static
/Users/zachfischer/E96/T_9 - Final/IoT_8/Drivers/BSP/Components/iis2mdc/iis2mdc_reg.c:674:9:iis2mdc_device_id_get	24	static
/Users/zachfischer/E96/T_9 - Final/IoT_8/Drivers/BSP/Components/iis2mdc/iis2mdc_reg.c:690:9:iis2mdc_reset_set	24	static
/Users/zachfischer/E96/T_9 - Final/IoT_8/Drivers/BSP/Components/iis2mdc/iis2mdc_reg.c:712:9:iis2mdc_reset_get	24	static
/Users/zachfischer/E96/T_9 - Final/IoT_8/Drivers/BSP/Components/iis2mdc/iis2mdc_reg.c:729:9:iis2mdc_boot_set	24	static
/Users/zachfischer/E96/T_9 - Final/IoT_8/Drivers/BSP/Components/iis2mdc/iis2mdc_reg.c:751:9:iis2mdc_boot_get	24	static
/Users/zachfischer/E96/T_9 - Final/IoT_8/Drivers/BSP/Components/iis2mdc/iis2mdc_reg.c:768:9:iis2mdc_self_test_set	24	static
/Users/zachfischer/E96/T_9 - Final/IoT_8/Drivers/BSP/Components/iis2mdc/iis2mdc_reg.c:790:9:iis2mdc_self_test_get	24	static
/Users/zachfischer/E96/T_9 - Final/IoT_8/Drivers/BSP/Components/iis2mdc/iis2mdc_reg.c:807:9:iis2mdc_data_format_set	24	static
/Users/zachfischer/E96/T_9 - Final/IoT_8/Drivers/BSP/Components/iis2mdc/iis2mdc_reg.c:829:9:iis2mdc_data_format_get	24	static
/Users/zachfischer/E96/T_9 - Final/IoT_8/Drivers/BSP/Components/iis2mdc/iis2mdc_reg.c:860:9:iis2mdc_status_get	24	static
/Users/zachfischer/E96/T_9 - Final/IoT_8/Drivers/BSP/Components/iis2mdc/iis2mdc_reg.c:891:9:iis2mdc_offset_int_conf_set	24	static
/Users/zachfischer/E96/T_9 - Final/IoT_8/Drivers/BSP/Components/iis2mdc/iis2mdc_reg.c:916:9:iis2mdc_offset_int_conf_get	24	static
/Users/zachfischer/E96/T_9 - Final/IoT_8/Drivers/BSP/Components/iis2mdc/iis2mdc_reg.c:948:9:iis2mdc_drdy_on_pin_set	24	static
/Users/zachfischer/E96/T_9 - Final/IoT_8/Drivers/BSP/Components/iis2mdc/iis2mdc_reg.c:970:9:iis2mdc_drdy_on_pin_get	24	static
/Users/zachfischer/E96/T_9 - Final/IoT_8/Drivers/BSP/Components/iis2mdc/iis2mdc_reg.c:987:9:iis2mdc_int_on_pin_set	24	static
/Users/zachfischer/E96/T_9 - Final/IoT_8/Drivers/BSP/Components/iis2mdc/iis2mdc_reg.c:1009:9:iis2mdc_int_on_pin_get	24	static
/Users/zachfischer/E96/T_9 - Final/IoT_8/Drivers/BSP/Components/iis2mdc/iis2mdc_reg.c:1026:9:iis2mdc_int_gen_conf_set	24	static
/Users/zachfischer/E96/T_9 - Final/IoT_8/Drivers/BSP/Components/iis2mdc/iis2mdc_reg.c:1043:9:iis2mdc_int_gen_conf_get	24	static
/Users/zachfischer/E96/T_9 - Final/IoT_8/Drivers/BSP/Components/iis2mdc/iis2mdc_reg.c:1060:9:iis2mdc_int_gen_source_get	24	static
/Users/zachfischer/E96/T_9 - Final/IoT_8/Drivers/BSP/Components/iis2mdc/iis2mdc_reg.c:1079:9:iis2mdc_int_gen_treshold_set	24	static
/Users/zachfischer/E96/T_9 - Final/IoT_8/Drivers/BSP/Components/iis2mdc/iis2mdc_reg.c:1099:9:iis2mdc_int_gen_treshold_get	24	static
/Users/zachfischer/E96/T_9 - Final/IoT_8/Drivers/BSP/Components/iis2mdc/iis2mdc_reg.c:1130:9:iis2mdc_i2c_interface_set	24	static
/Users/zachfischer/E96/T_9 - Final/IoT_8/Drivers/BSP/Components/iis2mdc/iis2mdc_reg.c:1153:9:iis2mdc_i2c_interface_get	24	static
