/Users/zachfischer/E96/T_9 - Final/IoT_8/Drivers/BSP/Components/veml6030/veml6030.c:89:9:VEML6030_RegisterBusIO	24	static
/Users/zachfischer/E96/T_9 - Final/IoT_8/Drivers/BSP/Components/veml6030/veml6030.c:130:9:VEML6030_Init	24	static
/Users/zachfischer/E96/T_9 - Final/IoT_8/Drivers/BSP/Components/veml6030/veml6030.c:158:9:VEML6030_DeInit	24	static
/Users/zachfischer/E96/T_9 - Final/IoT_8/Drivers/BSP/Components/veml6030/veml6030.c:185:9:VEML6030_ReadID	24	static
/Users/zachfischer/E96/T_9 - Final/IoT_8/Drivers/BSP/Components/veml6030/veml6030.c:210:9:VEML6030_GetCapabilities	24	static
/Users/zachfischer/E96/T_9 - Final/IoT_8/Drivers/BSP/Components/veml6030/veml6030.c:237:9:VEML6030_SetExposureTime	24	static
/Users/zachfischer/E96/T_9 - Final/IoT_8/Drivers/BSP/Components/veml6030/veml6030.c:267:9:VEML6030_GetExposureTime	24	static
/Users/zachfischer/E96/T_9 - Final/IoT_8/Drivers/BSP/Components/veml6030/veml6030.c:294:9:VEML6030_SetGain	32	static
/Users/zachfischer/E96/T_9 - Final/IoT_8/Drivers/BSP/Components/veml6030/veml6030.c:326:9:VEML6030_GetGain	32	static
/Users/zachfischer/E96/T_9 - Final/IoT_8/Drivers/BSP/Components/veml6030/veml6030.c:354:9:VEML6030_SetInterMeasurementTime	32	static
/Users/zachfischer/E96/T_9 - Final/IoT_8/Drivers/BSP/Components/veml6030/veml6030.c:411:9:VEML6030_GetInterMeasurementTime	32	static
/Users/zachfischer/E96/T_9 - Final/IoT_8/Drivers/BSP/Components/veml6030/veml6030.c:452:9:VEML6030_Start	24	static
/Users/zachfischer/E96/T_9 - Final/IoT_8/Drivers/BSP/Components/veml6030/veml6030.c:476:9:VEML6030_Stop	24	static
/Users/zachfischer/E96/T_9 - Final/IoT_8/Drivers/BSP/Components/veml6030/veml6030.c:499:9:VEML6030_StartFlicker	16	static
/Users/zachfischer/E96/T_9 - Final/IoT_8/Drivers/BSP/Components/veml6030/veml6030.c:513:9:VEML6030_StopFlicker	16	static
/Users/zachfischer/E96/T_9 - Final/IoT_8/Drivers/BSP/Components/veml6030/veml6030.c:528:9:VEML6030_GetValues	24	static
/Users/zachfischer/E96/T_9 - Final/IoT_8/Drivers/BSP/Components/veml6030/veml6030.c:559:9:VEML6030_SetControlMode	24	static
/Users/zachfischer/E96/T_9 - Final/IoT_8/Drivers/BSP/Components/veml6030/veml6030.c:575:9:VEML6030_SetPersistence	24	static
/Users/zachfischer/E96/T_9 - Final/IoT_8/Drivers/BSP/Components/veml6030/veml6030.c:606:9:VEML6030_GetPersistence	24	static
/Users/zachfischer/E96/T_9 - Final/IoT_8/Drivers/BSP/Components/veml6030/veml6030.c:631:9:VEML6030_SetPowerSavingMode	24	static
/Users/zachfischer/E96/T_9 - Final/IoT_8/Drivers/BSP/Components/veml6030/veml6030.c:656:10:VEML6030_GetPowerSavingMode	24	static
/Users/zachfischer/E96/T_9 - Final/IoT_8/Drivers/BSP/Components/veml6030/veml6030.c:682:9:VEML6030_SetHighThreshold	24	static
/Users/zachfischer/E96/T_9 - Final/IoT_8/Drivers/BSP/Components/veml6030/veml6030.c:706:9:VEML6030_GetHighThreshold	24	static
/Users/zachfischer/E96/T_9 - Final/IoT_8/Drivers/BSP/Components/veml6030/veml6030.c:732:9:VEML6030_SetLowThreshold	24	static
/Users/zachfischer/E96/T_9 - Final/IoT_8/Drivers/BSP/Components/veml6030/veml6030.c:758:9:VEML6030_GetLowThreshold	24	static
/Users/zachfischer/E96/T_9 - Final/IoT_8/Drivers/BSP/Components/veml6030/veml6030.c:784:9:VEML6030_Enable_IT	24	static
/Users/zachfischer/E96/T_9 - Final/IoT_8/Drivers/BSP/Components/veml6030/veml6030.c:824:9:VEML6030_Disable_IT	24	static
/Users/zachfischer/E96/T_9 - Final/IoT_8/Drivers/BSP/Components/veml6030/veml6030.c:865:9:VEML6030_GetIntStatus	24	static
/Users/zachfischer/E96/T_9 - Final/IoT_8/Drivers/BSP/Components/veml6030/veml6030.c:903:16:VEML6030_ReadRegWrap	40	static
/Users/zachfischer/E96/T_9 - Final/IoT_8/Drivers/BSP/Components/veml6030/veml6030.c:918:16:VEML6030_WriteRegWrap	40	static
/Users/zachfischer/E96/T_9 - Final/IoT_8/Drivers/BSP/Components/veml6030/veml6030.c:930:16:VEML6030_Shutdown	24	static
/Users/zachfischer/E96/T_9 - Final/IoT_8/Drivers/BSP/Components/veml6030/veml6030.c:959:16:VEML6030_Pwr_On	24	static
/Users/zachfischer/E96/T_9 - Final/IoT_8/Drivers/BSP/Components/veml6030/veml6030.c:990:17:VEML6030_Delay	24	static
