/Users/zachfischer/E96/T_9 - Final/IoT_8/Drivers/BSP/Components/vl53l5cx/modules/vl53l5cx_api.c:73:16:_vl53l5cx_poll_for_answer	24	static
/Users/zachfischer/E96/T_9 - Final/IoT_8/Drivers/BSP/Components/vl53l5cx/modules/vl53l5cx_api.c:110:16:_vl53l5cx_poll_for_mcu_boot	24	static
/Users/zachfischer/E96/T_9 - Final/IoT_8/Drivers/BSP/Components/vl53l5cx/modules/vl53l5cx_api.c:140:16:_vl53l5cx_send_offset_data	432	static
/Users/zachfischer/E96/T_9 - Final/IoT_8/Drivers/BSP/Components/vl53l5cx/modules/vl53l5cx_api.c:210:16:_vl53l5cx_send_xtalk_data	304	static
/Users/zachfischer/E96/T_9 - Final/IoT_8/Drivers/BSP/Components/vl53l5cx/modules/vl53l5cx_api.c:265:9:vl53l5cx_is_alive	24	static
/Users/zachfischer/E96/T_9 - Final/IoT_8/Drivers/BSP/Components/vl53l5cx/modules/vl53l5cx_api.c:289:9:vl53l5cx_init	40	static
/Users/zachfischer/E96/T_9 - Final/IoT_8/Drivers/BSP/Components/vl53l5cx/modules/vl53l5cx_api.c:437:9:vl53l5cx_set_i2c_address	24	static
/Users/zachfischer/E96/T_9 - Final/IoT_8/Drivers/BSP/Components/vl53l5cx/modules/vl53l5cx_api.c:451:9:vl53l5cx_get_power_mode	24	static
/Users/zachfischer/E96/T_9 - Final/IoT_8/Drivers/BSP/Components/vl53l5cx/modules/vl53l5cx_api.c:480:9:vl53l5cx_set_power_mode	32	static
/Users/zachfischer/E96/T_9 - Final/IoT_8/Drivers/BSP/Components/vl53l5cx/modules/vl53l5cx_api.c:515:9:vl53l5cx_start_ranging	128	static
/Users/zachfischer/E96/T_9 - Final/IoT_8/Drivers/BSP/Components/vl53l5cx/modules/vl53l5cx_api.c:652:9:vl53l5cx_stop_ranging	32	static
/Users/zachfischer/E96/T_9 - Final/IoT_8/Drivers/BSP/Components/vl53l5cx/modules/vl53l5cx_api.c:705:9:vl53l5cx_check_data_ready	24	static
/Users/zachfischer/E96/T_9 - Final/IoT_8/Drivers/BSP/Components/vl53l5cx/modules/vl53l5cx_api.c:736:9:vl53l5cx_get_ranging_data	40	static
/Users/zachfischer/E96/T_9 - Final/IoT_8/Drivers/BSP/Components/vl53l5cx/modules/vl53l5cx_api.c:886:9:vl53l5cx_get_resolution	24	static
/Users/zachfischer/E96/T_9 - Final/IoT_8/Drivers/BSP/Components/vl53l5cx/modules/vl53l5cx_api.c:901:9:vl53l5cx_set_resolution	24	static
/Users/zachfischer/E96/T_9 - Final/IoT_8/Drivers/BSP/Components/vl53l5cx/modules/vl53l5cx_api.c:966:9:vl53l5cx_get_ranging_frequency_hz	24	static
/Users/zachfischer/E96/T_9 - Final/IoT_8/Drivers/BSP/Components/vl53l5cx/modules/vl53l5cx_api.c:979:9:vl53l5cx_set_ranging_frequency_hz	40	static
/Users/zachfischer/E96/T_9 - Final/IoT_8/Drivers/BSP/Components/vl53l5cx/modules/vl53l5cx_api.c:992:9:vl53l5cx_get_integration_time_ms	24	static
/Users/zachfischer/E96/T_9 - Final/IoT_8/Drivers/BSP/Components/vl53l5cx/modules/vl53l5cx_api.c:1007:9:vl53l5cx_set_integration_time_ms	40	static
/Users/zachfischer/E96/T_9 - Final/IoT_8/Drivers/BSP/Components/vl53l5cx/modules/vl53l5cx_api.c:1031:9:vl53l5cx_get_sharpener_percent	24	static
/Users/zachfischer/E96/T_9 - Final/IoT_8/Drivers/BSP/Components/vl53l5cx/modules/vl53l5cx_api.c:1046:9:vl53l5cx_set_sharpener_percent	40	static
/Users/zachfischer/E96/T_9 - Final/IoT_8/Drivers/BSP/Components/vl53l5cx/modules/vl53l5cx_api.c:1068:9:vl53l5cx_get_target_order	24	static
/Users/zachfischer/E96/T_9 - Final/IoT_8/Drivers/BSP/Components/vl53l5cx/modules/vl53l5cx_api.c:1081:9:vl53l5cx_set_target_order	40	static
/Users/zachfischer/E96/T_9 - Final/IoT_8/Drivers/BSP/Components/vl53l5cx/modules/vl53l5cx_api.c:1101:9:vl53l5cx_get_ranging_mode	24	static
/Users/zachfischer/E96/T_9 - Final/IoT_8/Drivers/BSP/Components/vl53l5cx/modules/vl53l5cx_api.c:1122:9:vl53l5cx_set_ranging_mode	24	static
/Users/zachfischer/E96/T_9 - Final/IoT_8/Drivers/BSP/Components/vl53l5cx/modules/vl53l5cx_api.c:1161:9:vl53l5cx_dci_read_data	56	static
/Users/zachfischer/E96/T_9 - Final/IoT_8/Drivers/BSP/Components/vl53l5cx/modules/vl53l5cx_api.c:1207:9:vl53l5cx_dci_write_data	56	static
/Users/zachfischer/E96/T_9 - Final/IoT_8/Drivers/BSP/Components/vl53l5cx/modules/vl53l5cx_api.c:1262:9:vl53l5cx_dci_replace_data	32	static
