/Users/zachfischer/E96/T_9 - Final/IoT_8/Drivers/BSP/B-U585I-IOT02A/b_u585i_iot02a_ospi.c:188:9:BSP_OSPI_NOR_Init	96	static,ignoring_inline_asm
/Users/zachfischer/E96/T_9 - Final/IoT_8/Drivers/BSP/B-U585I-IOT02A/b_u585i_iot02a_ospi.c:273:9:BSP_OSPI_NOR_DeInit	24	static
/Users/zachfischer/E96/T_9 - Final/IoT_8/Drivers/BSP/B-U585I-IOT02A/b_u585i_iot02a_ospi.c:323:26:MX_OSPI_NOR_Init	16	static
/Users/zachfischer/E96/T_9 - Final/IoT_8/Drivers/BSP/B-U585I-IOT02A/b_u585i_iot02a_ospi.c:435:9:BSP_OSPI_NOR_Read	40	static
/Users/zachfischer/E96/T_9 - Final/IoT_8/Drivers/BSP/B-U585I-IOT02A/b_u585i_iot02a_ospi.c:483:9:BSP_OSPI_NOR_Write	64	static
/Users/zachfischer/E96/T_9 - Final/IoT_8/Drivers/BSP/B-U585I-IOT02A/b_u585i_iot02a_ospi.c:581:9:BSP_OSPI_NOR_Erase_Block	48	static
/Users/zachfischer/E96/T_9 - Final/IoT_8/Drivers/BSP/B-U585I-IOT02A/b_u585i_iot02a_ospi.c:624:9:BSP_OSPI_NOR_Erase_Chip	40	static
/Users/zachfischer/E96/T_9 - Final/IoT_8/Drivers/BSP/B-U585I-IOT02A/b_u585i_iot02a_ospi.c:667:9:BSP_OSPI_NOR_GetStatus	32	static
/Users/zachfischer/E96/T_9 - Final/IoT_8/Drivers/BSP/B-U585I-IOT02A/b_u585i_iot02a_ospi.c:717:9:BSP_OSPI_NOR_GetInfo	24	static
/Users/zachfischer/E96/T_9 - Final/IoT_8/Drivers/BSP/B-U585I-IOT02A/b_u585i_iot02a_ospi.c:740:9:BSP_OSPI_NOR_EnableMemoryMappedMode	24	static
/Users/zachfischer/E96/T_9 - Final/IoT_8/Drivers/BSP/B-U585I-IOT02A/b_u585i_iot02a_ospi.c:787:9:BSP_OSPI_NOR_DisableMemoryMappedMode	24	static
/Users/zachfischer/E96/T_9 - Final/IoT_8/Drivers/BSP/B-U585I-IOT02A/b_u585i_iot02a_ospi.c:823:9:BSP_OSPI_NOR_ReadID	32	static
/Users/zachfischer/E96/T_9 - Final/IoT_8/Drivers/BSP/B-U585I-IOT02A/b_u585i_iot02a_ospi.c:855:9:BSP_OSPI_NOR_ConfigFlash	24	static
/Users/zachfischer/E96/T_9 - Final/IoT_8/Drivers/BSP/B-U585I-IOT02A/b_u585i_iot02a_ospi.c:937:9:BSP_OSPI_NOR_SuspendErase	32	static
/Users/zachfischer/E96/T_9 - Final/IoT_8/Drivers/BSP/B-U585I-IOT02A/b_u585i_iot02a_ospi.c:974:9:BSP_OSPI_NOR_ResumeErase	32	static
/Users/zachfischer/E96/T_9 - Final/IoT_8/Drivers/BSP/B-U585I-IOT02A/b_u585i_iot02a_ospi.c:1016:9:BSP_OSPI_NOR_EnterDeepPowerDown	32	static
/Users/zachfischer/E96/T_9 - Final/IoT_8/Drivers/BSP/B-U585I-IOT02A/b_u585i_iot02a_ospi.c:1046:9:BSP_OSPI_NOR_LeaveDeepPowerDown	32	static
/Users/zachfischer/E96/T_9 - Final/IoT_8/Drivers/BSP/B-U585I-IOT02A/b_u585i_iot02a_ospi.c:1084:9:BSP_OSPI_RAM_Init	40	static
/Users/zachfischer/E96/T_9 - Final/IoT_8/Drivers/BSP/B-U585I-IOT02A/b_u585i_iot02a_ospi.c:1139:9:BSP_OSPI_RAM_DeInit	24	static
/Users/zachfischer/E96/T_9 - Final/IoT_8/Drivers/BSP/B-U585I-IOT02A/b_u585i_iot02a_ospi.c:1188:26:MX_OSPI_RAM_Init	16	static
/Users/zachfischer/E96/T_9 - Final/IoT_8/Drivers/BSP/B-U585I-IOT02A/b_u585i_iot02a_ospi.c:1292:9:BSP_OSPI_RAM_Read	40	static
/Users/zachfischer/E96/T_9 - Final/IoT_8/Drivers/BSP/B-U585I-IOT02A/b_u585i_iot02a_ospi.c:1321:9:BSP_OSPI_RAM_Write	40	static
/Users/zachfischer/E96/T_9 - Final/IoT_8/Drivers/BSP/B-U585I-IOT02A/b_u585i_iot02a_ospi.c:1347:9:BSP_OSPI_RAM_EnableMemoryMappedMode	24	static
/Users/zachfischer/E96/T_9 - Final/IoT_8/Drivers/BSP/B-U585I-IOT02A/b_u585i_iot02a_ospi.c:1379:9:BSP_OSPI_RAM_DisableMemoryMappedMode	24	static
/Users/zachfischer/E96/T_9 - Final/IoT_8/Drivers/BSP/B-U585I-IOT02A/b_u585i_iot02a_ospi.c:1417:9:BSP_OSPI_RAM_ReadID	24	static
/Users/zachfischer/E96/T_9 - Final/IoT_8/Drivers/BSP/B-U585I-IOT02A/b_u585i_iot02a_ospi.c:1452:13:OSPI_NOR_MspInit	88	static
/Users/zachfischer/E96/T_9 - Final/IoT_8/Drivers/BSP/B-U585I-IOT02A/b_u585i_iot02a_ospi.c:1544:13:OSPI_NOR_MspDeInit	16	static
/Users/zachfischer/E96/T_9 - Final/IoT_8/Drivers/BSP/B-U585I-IOT02A/b_u585i_iot02a_ospi.c:1575:16:OSPI_NOR_ResetMemory	24	static
/Users/zachfischer/E96/T_9 - Final/IoT_8/Drivers/BSP/B-U585I-IOT02A/b_u585i_iot02a_ospi.c:1633:16:OSPI_NOR_EnterDOPIMode	40	static
/Users/zachfischer/E96/T_9 - Final/IoT_8/Drivers/BSP/B-U585I-IOT02A/b_u585i_iot02a_ospi.c:1712:16:OSPI_NOR_EnterSOPIMode	40	static
/Users/zachfischer/E96/T_9 - Final/IoT_8/Drivers/BSP/B-U585I-IOT02A/b_u585i_iot02a_ospi.c:1784:16:OSPI_NOR_ExitOPIMode	40	static
/Users/zachfischer/E96/T_9 - Final/IoT_8/Drivers/BSP/B-U585I-IOT02A/b_u585i_iot02a_ospi.c:1862:16:OSPI_DLYB_Enable	40	static
/Users/zachfischer/E96/T_9 - Final/IoT_8/Drivers/BSP/B-U585I-IOT02A/b_u585i_iot02a_ospi.c:1913:13:OSPI_RAM_MspInit	88	static
/Users/zachfischer/E96/T_9 - Final/IoT_8/Drivers/BSP/B-U585I-IOT02A/b_u585i_iot02a_ospi.c:2007:13:OSPI_RAM_MspDeInit	16	static
